<?xml version="1.0" encoding="UTF-8"?>
<databaseChangeLog
        xmlns="http://www.liquibase.org/xml/ns/dbchangelog"
        xmlns:xsi="http://www.w3.org/2001/XMLSchema-instance"
        xsi:schemaLocation="http://www.liquibase.org/xml/ns/dbchangelog
         http://www.liquibase.org/xml/ns/dbchangelog/dbchangelog-latest.xsd">
    <changeSet id="1" author="as">
        <createTable tableName="test_table">
            <column name="test_column" type="INTEGER"/>
            <column name="varcharcolumn" type="VARCHAR(25)"/>
            <column name="intcolumn" type="INTEGER"/>
            <column name="datecolumn" type="date"/>
        </createTable>
        <rollback>
            <dropTable tableName="test_table"/>
        </rollback>
    </changeSet>
</databaseChangeLog>