<?xml version="1.0" encoding="UTF-8"?>
<databaseChangeLog
        xmlns="http://www.liquibase.org/xml/ns/dbchangelog"
        xmlns:xsi="http://www.w3.org/2001/XMLSchema-instance"
        xsi:schemaLocation="http://www.liquibase.org/xml/ns/dbchangelog
         http://www.liquibase.org/xml/ns/dbchangelog/dbchangelog-latest.xsd">
    <changeSet id="1" author="as">
        <createTable tableName="test_table">
            <column name="id" type="INTEGER"/>
        </createTable>
        <addUniqueConstraint tableName="test_table" 
                           columnNames="id"
                           constraintName="test_unique_constraint"/>
        <rollback>
            <dropUniqueConstraint tableName="test_table"
                                constraintName="test_unique_constraint"/>
            <dropTable tableName="test_table"/>
        </rollback>
    </changeSet>
</databaseChangeLog>